
===========================================================================
 report_power
============================================================================
======================= nom_tt_025C_1v80 Corner ===================================

Group                    Internal    Switching      Leakage        Total
                            Power        Power        Power        Power (Watts)
------------------------------------------------------------------------
Sequential           1.124883e-06 2.688954e-07 2.253538e-10 1.394003e-06  36.1%
Combinational        8.837719e-07 9.079017e-07 3.433707e-10 1.792017e-06  46.4%
Clock                5.147914e-07 1.602634e-07 1.471306e-10 6.752019e-07  17.5%
Macro                0.000000e+00 0.000000e+00 0.000000e+00 0.000000e+00   0.0%
Pad                  0.000000e+00 0.000000e+00 0.000000e+00 0.000000e+00   0.0%
------------------------------------------------------------------------
Total                2.523446e-06 1.337060e-06 7.158547e-10 3.861222e-06 100.0%
                            65.4%        34.6%         0.0%
Writing metric power__internal__total: 2.5234464828827186e-6
Writing metric power__switching__total: 1.337060325568018e-6
Writing metric power__leakage__total: 7.158547088437217e-10
Writing metric power__total: 3.861222467094194e-6

