
===========================================================================
report_checks -unconstrained
===========================================================================
======================= min_tt_025C_1v80 Corner ===================================

Startpoint: pwup_filt (input port clocked by osc_ck)
Endpoint: _137_ (recovery check against rising-edge clock osc_ck)
Path Group: asynchronous
Path Type: max

Fanout         Cap        Slew       Delay        Time   Description
---------------------------------------------------------------------------------------------
                                  0.000000    0.000000   clock osc_ck (rise edge)
                                  0.000000    0.000000   clock network delay (propagated)
                                200.000000  200.000000 ^ input external delay
     1    0.003547    0.022977    0.012918  200.012909 ^ pwup_filt (in)
                                                         pwup_filt (net)
                      0.022977    0.000000  200.012909 ^ input8/A (sky130_fd_sc_hd__buf_1)
     3    0.010065    0.125343    0.130626  200.143539 ^ input8/X (sky130_fd_sc_hd__buf_1)
                                                         net8 (net)
                      0.125343    0.000071  200.143616 ^ _137_/RESET_B (sky130_fd_sc_hd__dfrtp_1)
                                            200.143616   data arrival time

                               1000.000000 1000.000000   clock osc_ck (rise edge)
                                  0.000000 1000.000000   clock source latency
     1    0.012046    0.060498    0.040700 1000.040710 ^ osc_ck (in)
                                                         osc_ck (net)
                      0.060499    0.000000 1000.040710 ^ clkbuf_0_osc_ck/A (sky130_fd_sc_hd__clkbuf_16)
     2    0.018360    0.040451    0.129489 1000.170227 ^ clkbuf_0_osc_ck/X (sky130_fd_sc_hd__clkbuf_16)
                                                         clknet_0_osc_ck (net)
                      0.040451    0.000114 1000.170349 ^ clkbuf_1_0__f_osc_ck/A (sky130_fd_sc_hd__clkbuf_16)
     9    0.024953    0.046245    0.128466 1000.298767 ^ clkbuf_1_0__f_osc_ck/X (sky130_fd_sc_hd__clkbuf_16)
                                                         clknet_1_0__leaf_osc_ck (net)
                      0.046250    0.000455 1000.299255 ^ _137_/CLK (sky130_fd_sc_hd__dfrtp_1)
                                 -0.250000 1000.049255   clock uncertainty
                                  0.000000 1000.049255   clock reconvergence pessimism
                                  0.209919 1000.259094   library recovery time
                                           1000.259094   data required time
---------------------------------------------------------------------------------------------
                                           1000.259094   data required time
                                           -200.143616   data arrival time
---------------------------------------------------------------------------------------------
                                            800.115479   slack (MET)


Startpoint: pwup_filt (input port clocked by osc_ck)
Endpoint: osc_ena (output port clocked by osc_ck)
Path Group: osc_ck
Path Type: max

Fanout         Cap        Slew       Delay        Time   Description
---------------------------------------------------------------------------------------------
                                  0.000000    0.000000   clock osc_ck (rise edge)
                                  0.000000    0.000000   clock network delay (propagated)
                                200.000000  200.000000 ^ input external delay
     1    0.003547    0.022977    0.012918  200.012909 ^ pwup_filt (in)
                                                         pwup_filt (net)
                      0.022977    0.000000  200.012909 ^ input8/A (sky130_fd_sc_hd__buf_1)
     3    0.010065    0.125343    0.130626  200.143539 ^ input8/X (sky130_fd_sc_hd__buf_1)
                                                         net8 (net)
                      0.125343    0.000071  200.143616 ^ _074_/C_N (sky130_fd_sc_hd__or3b_1)
     1    0.002691    0.064101    0.352870  200.496475 v _074_/X (sky130_fd_sc_hd__or3b_1)
                                                         _038_ (net)
                      0.064101    0.000028  200.496506 v _075_/B (sky130_fd_sc_hd__nand2b_1)
     1    0.002095    0.044106    0.067885  200.564392 ^ _075_/Y (sky130_fd_sc_hd__nand2b_1)
                                                         net10 (net)
                      0.044106    0.000014  200.564407 ^ output10/A (sky130_fd_sc_hd__buf_2)
     1    0.034255    0.170111    0.197872  200.762283 ^ output10/X (sky130_fd_sc_hd__buf_2)
                                                         osc_ena (net)
                      0.170111    0.000242  200.762527 ^ osc_ena (out)
                                            200.762527   data arrival time

                               1000.000000 1000.000000   clock osc_ck (rise edge)
                                  0.000000 1000.000000   clock network delay (propagated)
                                 -0.250000  999.750000   clock uncertainty
                                  0.000000  999.750000   clock reconvergence pessimism
                               -200.000000  799.750061   output external delay
                                            799.750061   data required time
---------------------------------------------------------------------------------------------
                                            799.750061   data required time
                                           -200.762527   data arrival time
---------------------------------------------------------------------------------------------
                                            598.987549   slack (MET)




===========================================================================
report_checks --slack_max -0.01
============================================================================
======================= min_tt_025C_1v80 Corner ===================================

No paths found.


===========================================================================
 report_check_types -max_slew -max_cap -max_fanout -violators
============================================================================
======================= min_tt_025C_1v80 Corner ===================================



===========================================================================
report_parasitic_annotation -report_unannotated
============================================================================
Found 1 unannotated drivers.
 _137__26/LO
Found 0 partially unannotated drivers.

===========================================================================
max slew violation count 0
max fanout violation count 0
max cap violation count 0
============================================================================

===========================================================================
check_setup -verbose -unconstrained_endpoints -multiple_clock -no_clock -no_input_delay -loops -generated_clocks
===========================================================================
Warning: There is 1 unconstrained endpoint.
  _137_/D
