
===========================================================================
 report_power
============================================================================
======================= nom_tt_025C_1v80 Corner ===================================

Group                    Internal    Switching      Leakage        Total
                            Power        Power        Power        Power (Watts)
------------------------------------------------------------------------
Sequential           1.165637e-06 3.692722e-07 2.049183e-10 1.535114e-06  41.4%
Combinational        1.084162e-06 1.088384e-06 2.373438e-10 2.172784e-06  58.6%
Clock                0.000000e+00 0.000000e+00 1.101613e-10 1.101613e-10   0.0%
Macro                0.000000e+00 0.000000e+00 0.000000e+00 0.000000e+00   0.0%
Pad                  0.000000e+00 0.000000e+00 0.000000e+00 0.000000e+00   0.0%
------------------------------------------------------------------------
Total                2.249799e-06 1.457656e-06 5.524229e-10 3.708008e-06 100.0%
                            60.7%        39.3%         0.0%
Writing metric power__internal__total: 2.2497990812553326e-6
Writing metric power__switching__total: 1.457656139791652e-6
Writing metric power__leakage__total: 5.524228852138435e-10
Writing metric power__total: 3.708007625391474e-6

