
===========================================================================
 report_power
============================================================================
======================= nom_tt_025C_1v80 Corner ===================================

Group                    Internal    Switching      Leakage        Total
                            Power        Power        Power        Power (Watts)
------------------------------------------------------------------------
Sequential           9.818506e-07 1.034041e-07 2.468832e-10 1.085502e-06  43.0%
Combinational        4.965691e-07 2.578312e-07 4.935378e-10 7.548938e-07  29.9%
Clock                5.154484e-07 1.663319e-07 1.471306e-10 6.819274e-07  27.0%
Macro                0.000000e+00 0.000000e+00 0.000000e+00 0.000000e+00   0.0%
Pad                  0.000000e+00 0.000000e+00 0.000000e+00 0.000000e+00   0.0%
------------------------------------------------------------------------
Total                1.993868e-06 5.275671e-07 8.875513e-10 2.522322e-06 100.0%
                            79.0%        20.9%         0.0%
Writing metric power__internal__total: 1.9938677269237814e-6
Writing metric power__switching__total: 5.27567124208872e-7
Writing metric power__leakage__total: 8.875512547135145e-10
Writing metric power__total: 2.5223223474313272e-6

