
===========================================================================
 report_power
============================================================================
======================= min_tt_025C_1v80 Corner ===================================

Group                    Internal    Switching      Leakage        Total
                            Power        Power        Power        Power (Watts)
------------------------------------------------------------------------
Sequential           9.820544e-07 1.517594e-07 2.468832e-10 1.134061e-06  41.5%
Combinational        4.995774e-07 3.373919e-07 4.935377e-10 8.374628e-07  30.7%
Clock                5.211443e-07 2.378484e-07 2.605322e-10 7.592532e-07  27.8%
Macro                0.000000e+00 0.000000e+00 0.000000e+00 0.000000e+00   0.0%
Pad                  0.000000e+00 0.000000e+00 0.000000e+00 0.000000e+00   0.0%
------------------------------------------------------------------------
Total                2.002776e-06 7.269995e-07 1.000953e-09 2.730776e-06 100.0%
                            73.3%        26.6%         0.0%

