
===========================================================================
 report_power
============================================================================
======================= min_ss_100C_1v60 Corner ===================================

Group                    Internal    Switching      Leakage        Total
                            Power        Power        Power        Power (Watts)
------------------------------------------------------------------------
Sequential           8.768139e-07 2.633679e-07 3.461128e-07 1.486295e-06  33.6%
Combinational        8.439881e-07 9.710370e-07 4.777500e-07 2.292775e-06  51.8%
Clock                4.224230e-07 1.679806e-07 5.726518e-08 6.476688e-07  14.6%
Macro                0.000000e+00 0.000000e+00 0.000000e+00 0.000000e+00   0.0%
Pad                  0.000000e+00 0.000000e+00 0.000000e+00 0.000000e+00   0.0%
------------------------------------------------------------------------
Total                2.143226e-06 1.402386e-06 8.811279e-07 4.426739e-06 100.0%
                            48.4%        31.7%        19.9%

