
===========================================================================
report_checks -unconstrained
===========================================================================
======================= max_ss_100C_1v60 Corner ===================================

Startpoint: pwup_filt (input port clocked by osc_ck)
Endpoint: _137_ (recovery check against rising-edge clock osc_ck)
Path Group: asynchronous
Path Type: max

Fanout         Cap        Slew       Delay        Time   Description
---------------------------------------------------------------------------------------------
                                  0.000000    0.000000   clock osc_ck (rise edge)
                                  0.000000    0.000000   clock network delay (propagated)
                                200.000000  200.000000 ^ input external delay
     1    0.003700    0.038285    0.020606  200.020599 ^ pwup_filt (in)
                                                         pwup_filt (net)
                      0.038286    0.000000  200.020599 ^ input8/A (sky130_fd_sc_hd__buf_1)
     3    0.009620    0.194223    0.224944  200.245544 ^ input8/X (sky130_fd_sc_hd__buf_1)
                                                         net8 (net)
                      0.194225    0.000455  200.246002 ^ _137_/RESET_B (sky130_fd_sc_hd__dfrtp_1)
                                            200.246002   data arrival time

                               1000.000000 1000.000000   clock osc_ck (rise edge)
                                  0.000000 1000.000000   clock source latency
     1    0.012950    0.101382    0.067303 1000.067322 ^ osc_ck (in)
                                                         osc_ck (net)
                      0.101387    0.000000 1000.067322 ^ clkbuf_0_osc_ck/A (sky130_fd_sc_hd__clkbuf_16)
     2    0.019056    0.066265    0.234195 1000.301514 ^ clkbuf_0_osc_ck/X (sky130_fd_sc_hd__clkbuf_16)
                                                         clknet_0_osc_ck (net)
                      0.066270    0.001251 1000.302795 ^ clkbuf_1_0__f_osc_ck/A (sky130_fd_sc_hd__clkbuf_16)
     9    0.025714    0.074717    0.227374 1000.530151 ^ clkbuf_1_0__f_osc_ck/X (sky130_fd_sc_hd__clkbuf_16)
                                                         clknet_1_0__leaf_osc_ck (net)
                      0.074777    0.001592 1000.531738 ^ _137_/CLK (sky130_fd_sc_hd__dfrtp_1)
                                 -0.250000 1000.281738   clock uncertainty
                                  0.000000 1000.281738   clock reconvergence pessimism
                                  0.418169 1000.699890   library recovery time
                                           1000.699890   data required time
---------------------------------------------------------------------------------------------
                                           1000.699890   data required time
                                           -200.246002   data arrival time
---------------------------------------------------------------------------------------------
                                            800.453857   slack (MET)


Startpoint: pwup_filt (input port clocked by osc_ck)
Endpoint: osc_ena (output port clocked by osc_ck)
Path Group: osc_ck
Path Type: max

Fanout         Cap        Slew       Delay        Time   Description
---------------------------------------------------------------------------------------------
                                  0.000000    0.000000   clock osc_ck (rise edge)
                                  0.000000    0.000000   clock network delay (propagated)
                                200.000000  200.000000 ^ input external delay
     1    0.003700    0.038285    0.020606  200.020599 ^ pwup_filt (in)
                                                         pwup_filt (net)
                      0.038286    0.000000  200.020599 ^ input8/A (sky130_fd_sc_hd__buf_1)
     3    0.009620    0.194223    0.224944  200.245544 ^ input8/X (sky130_fd_sc_hd__buf_1)
                                                         net8 (net)
                      0.194225    0.000441  200.245987 ^ _074_/C_N (sky130_fd_sc_hd__or3b_1)
     1    0.002777    0.136230    0.831491  201.077469 v _074_/X (sky130_fd_sc_hd__or3b_1)
                                                         _038_ (net)
                      0.136230    0.000213  201.077682 v _075_/B (sky130_fd_sc_hd__nand2b_1)
     1    0.002116    0.075092    0.128210  201.205902 ^ _075_/Y (sky130_fd_sc_hd__nand2b_1)
                                                         net10 (net)
                      0.075093    0.000156  201.206055 ^ output10/A (sky130_fd_sc_hd__buf_2)
     1    0.034402    0.273432    0.345821  201.551880 ^ output10/X (sky130_fd_sc_hd__buf_2)
                                                         osc_ena (net)
                      0.273447    0.001705  201.553589 ^ osc_ena (out)
                                            201.553589   data arrival time

                               1000.000000 1000.000000   clock osc_ck (rise edge)
                                  0.000000 1000.000000   clock network delay (propagated)
                                 -0.250000  999.750000   clock uncertainty
                                  0.000000  999.750000   clock reconvergence pessimism
                               -200.000000  799.750061   output external delay
                                            799.750061   data required time
---------------------------------------------------------------------------------------------
                                            799.750061   data required time
                                           -201.553589   data arrival time
---------------------------------------------------------------------------------------------
                                            598.196472   slack (MET)




===========================================================================
report_checks --slack_max -0.01
============================================================================
======================= max_ss_100C_1v60 Corner ===================================

No paths found.


===========================================================================
 report_check_types -max_slew -max_cap -max_fanout -violators
============================================================================
======================= max_ss_100C_1v60 Corner ===================================



===========================================================================
report_parasitic_annotation -report_unannotated
============================================================================
Found 1 unannotated drivers.
 _137__26/LO
Found 0 partially unannotated drivers.

===========================================================================
max slew violation count 0
max fanout violation count 0
max cap violation count 0
============================================================================

===========================================================================
check_setup -verbose -unconstrained_endpoints -multiple_clock -no_clock -no_input_delay -loops -generated_clocks
===========================================================================
Warning: There is 1 unconstrained endpoint.
  _137_/D
