
===========================================================================
 report_power
============================================================================
======================= max_ss_100C_1v60 Corner ===================================

Group                    Internal    Switching      Leakage        Total
                            Power        Power        Power        Power (Watts)
------------------------------------------------------------------------
Sequential           8.764422e-07 2.802067e-07 3.461128e-07 1.502762e-06  33.3%
Combinational        8.441655e-07 1.024556e-06 4.777500e-07 2.346471e-06  52.0%
Clock                4.234288e-07 1.784374e-07 5.726518e-08 6.591314e-07  14.6%
Macro                0.000000e+00 0.000000e+00 0.000000e+00 0.000000e+00   0.0%
Pad                  0.000000e+00 0.000000e+00 0.000000e+00 0.000000e+00   0.0%
------------------------------------------------------------------------
Total                2.144036e-06 1.483200e-06 8.811279e-07 4.508364e-06 100.0%
                            47.6%        32.9%        19.5%

