
===========================================================================
report_checks -unconstrained
===========================================================================
======================= nom_ff_n40C_1v95 Corner ===================================

Startpoint: pwup_filt (input port clocked by osc_ck)
Endpoint: _130_ (recovery check against rising-edge clock osc_ck)
Path Group: asynchronous
Path Type: max

Fanout         Cap        Slew       Delay        Time   Description
---------------------------------------------------------------------------------------------
                                  0.000000    0.000000   clock osc_ck (rise edge)
                                  0.000000    0.000000   clock network delay (propagated)
                                200.000000  200.000000 ^ input external delay
     1    0.003567    0.016671    0.009265  200.009262 ^ pwup_filt (in)
                                                         pwup_filt (net)
                      0.016672    0.000000  200.009262 ^ input8/A (sky130_fd_sc_hd__buf_1)
     3    0.011300    0.103586    0.098254  200.107513 ^ input8/X (sky130_fd_sc_hd__buf_1)
                                                         net8 (net)
                      0.103587    0.000185  200.107697 ^ _130_/RESET_B (sky130_fd_sc_hd__dfrtp_1)
                                            200.107697   data arrival time

                               1000.000000 1000.000000   clock osc_ck (rise edge)
                                  0.000000 1000.000000   clock source latency
     1    0.012515    0.047049    0.031264 1000.031311 ^ osc_ck (in)
                                                         osc_ck (net)
                      0.047052    0.000000 1000.031311 ^ clkbuf_0_osc_ck/A (sky130_fd_sc_hd__clkbuf_16)
     2    0.019373    0.030790    0.088676 1000.119995 ^ clkbuf_0_osc_ck/X (sky130_fd_sc_hd__clkbuf_16)
                                                         clknet_0_osc_ck (net)
                      0.030791    0.000341 1000.120300 ^ clkbuf_1_0__f_osc_ck/A (sky130_fd_sc_hd__clkbuf_16)
    12    0.036922    0.042934    0.095156 1000.215454 ^ clkbuf_1_0__f_osc_ck/X (sky130_fd_sc_hd__clkbuf_16)
                                                         clknet_1_0__leaf_osc_ck (net)
                      0.042956    0.000796 1000.216248 ^ _130_/CLK (sky130_fd_sc_hd__dfrtp_1)
                                 -0.250000  999.966248   clock uncertainty
                                  0.000000  999.966248   clock reconvergence pessimism
                                  0.131909 1000.098145   library recovery time
                                           1000.098145   data required time
---------------------------------------------------------------------------------------------
                                           1000.098145   data required time
                                           -200.107697   data arrival time
---------------------------------------------------------------------------------------------
                                            799.990417   slack (MET)


Startpoint: otrip[0] (input port clocked by osc_ck)
Endpoint: otrip_decoded[1] (output port clocked by osc_ck)
Path Group: osc_ck
Path Type: max

Fanout         Cap        Slew       Delay        Time   Description
---------------------------------------------------------------------------------------------
                                  0.000000    0.000000   clock osc_ck (rise edge)
                                  0.000000    0.000000   clock network delay (propagated)
                                200.000000  200.000000 ^ input external delay
     1    0.002687    0.013518    0.006949  200.006943 ^ otrip[0] (in)
                                                         otrip[0] (net)
                      0.013518    0.000000  200.006943 ^ input5/A (sky130_fd_sc_hd__dlymetal6s2s_1)
     8    0.022281    0.180804    0.155993  200.162933 ^ input5/X (sky130_fd_sc_hd__dlymetal6s2s_1)
                                                         net5 (net)
                      0.180810    0.000867  200.163803 ^ _062_/C_N (sky130_fd_sc_hd__nor3b_1)
     1    0.002390    0.100544    0.117268  200.281067 ^ _062_/Y (sky130_fd_sc_hd__nor3b_1)
                                                         net12 (net)
                      0.100544    0.000071  200.281143 ^ output12/A (sky130_fd_sc_hd__buf_2)
     1    0.035169    0.131341    0.156845  200.437988 ^ output12/X (sky130_fd_sc_hd__buf_2)
                                                         otrip_decoded[1] (net)
                      0.131350    0.000924  200.438904 ^ otrip_decoded[1] (out)
                                            200.438904   data arrival time

                               1000.000000 1000.000000   clock osc_ck (rise edge)
                                  0.000000 1000.000000   clock network delay (propagated)
                                 -0.250000  999.750000   clock uncertainty
                                  0.000000  999.750000   clock reconvergence pessimism
                               -200.000000  799.750061   output external delay
                                            799.750061   data required time
---------------------------------------------------------------------------------------------
                                            799.750061   data required time
                                           -200.438904   data arrival time
---------------------------------------------------------------------------------------------
                                            599.311096   slack (MET)




===========================================================================
report_checks --slack_max -0.01
============================================================================
======================= nom_ff_n40C_1v95 Corner ===================================

No paths found.


===========================================================================
 report_check_types -max_slew -max_cap -max_fanout -violators
============================================================================
======================= nom_ff_n40C_1v95 Corner ===================================

max fanout

Pin                                   Limit Fanout  Slack
---------------------------------------------------------
clkbuf_1_0__f_osc_ck/X                   10     12     -2 (VIOLATED)



===========================================================================
report_parasitic_annotation -report_unannotated
============================================================================
Found 1 unannotated drivers.
 _130__27/LO
Found 0 partially unannotated drivers.

===========================================================================
max slew violation count 0
max fanout violation count 1
max cap violation count 0
============================================================================

===========================================================================
check_setup -verbose -unconstrained_endpoints -multiple_clock -no_clock -no_input_delay -loops -generated_clocks
===========================================================================
Warning: There is 1 unconstrained endpoint.
  _130_/D
