
===========================================================================
Violator List
============================================================================
[hold reg-reg] _131_/Q -> _113_/RESET_B : -0.092859
[hold reg-reg] _131_/Q -> _114_/RESET_B : -0.092859
[hold reg-reg] _131_/Q -> _115_/RESET_B : -0.092859
[hold reg-reg] _131_/Q -> _116_/RESET_B : -0.092859
[hold reg-reg] _131_/Q -> _117_/RESET_B : -0.092859
[hold reg-reg] _131_/Q -> _118_/RESET_B : -0.092859
[hold reg-reg] _131_/Q -> _119_/RESET_B : -0.092859
[hold reg-reg] _131_/Q -> _120_/RESET_B : -0.092859
[hold reg-reg] _131_/Q -> _121_/RESET_B : -0.092859
[hold reg-reg] _131_/Q -> _122_/RESET_B : -0.092859
[hold reg-reg] _131_/Q -> _123_/RESET_B : -0.092859
[hold reg-reg] _131_/Q -> _124_/RESET_B : -0.092859
[hold reg-reg] _131_/Q -> _125_/RESET_B : -0.092859
[hold reg-reg] _131_/Q -> _126_/RESET_B : -0.092859
[hold reg-reg] _131_/Q -> _127_/RESET_B : -0.092859
[hold reg-reg] _131_/Q -> _128_/RESET_B : -0.092859
[hold reg-reg] _131_/Q -> _129_/RESET_B : -0.092859
