
===========================================================================
report_checks -unconstrained
===========================================================================
======================= max_ff_n40C_1v95 Corner ===================================

Startpoint: pwup_filt (input port clocked by osc_ck)
Endpoint: _137_ (recovery check against rising-edge clock osc_ck)
Path Group: asynchronous
Path Type: max

Fanout         Cap        Slew       Delay        Time   Description
---------------------------------------------------------------------------------------------
                                  0.000000    0.000000   clock osc_ck (rise edge)
                                  0.000000    0.000000   clock network delay (propagated)
                                200.000000  200.000000 ^ input external delay
     1    0.003833    0.017629    0.010004  200.009995 ^ pwup_filt (in)
                                                         pwup_filt (net)
                      0.017631    0.000000  200.009995 ^ input8/A (sky130_fd_sc_hd__buf_1)
     3    0.010498    0.096789    0.093678  200.103683 ^ input8/X (sky130_fd_sc_hd__buf_1)
                                                         net8 (net)
                      0.096793    0.000497  200.104172 ^ _137_/RESET_B (sky130_fd_sc_hd__dfrtp_1)
                                            200.104172   data arrival time

                               1000.000000 1000.000000   clock osc_ck (rise edge)
                                  0.000000 1000.000000   clock source latency
     1    0.013019    0.048786    0.032628 1000.032654 ^ osc_ck (in)
                                                         osc_ck (net)
                      0.048798    0.000000 1000.032654 ^ clkbuf_0_osc_ck/A (sky130_fd_sc_hd__clkbuf_16)
     2    0.019194    0.030703    0.088789 1000.121460 ^ clkbuf_0_osc_ck/X (sky130_fd_sc_hd__clkbuf_16)
                                                         clknet_0_osc_ck (net)
                      0.030732    0.001137 1000.122559 ^ clkbuf_1_0__f_osc_ck/A (sky130_fd_sc_hd__clkbuf_16)
     9    0.027379    0.036353    0.088789 1000.211365 ^ clkbuf_1_0__f_osc_ck/X (sky130_fd_sc_hd__clkbuf_16)
                                                         clknet_1_0__leaf_osc_ck (net)
                      0.036485    0.001592 1000.212952 ^ _137_/CLK (sky130_fd_sc_hd__dfrtp_1)
                                 -0.250000  999.962952   clock uncertainty
                                  0.000000  999.962952   clock reconvergence pessimism
                                  0.132192 1000.095154   library recovery time
                                           1000.095154   data required time
---------------------------------------------------------------------------------------------
                                           1000.095154   data required time
                                           -200.104172   data arrival time
---------------------------------------------------------------------------------------------
                                            799.990967   slack (MET)


Startpoint: pwup_filt (input port clocked by osc_ck)
Endpoint: osc_ena (output port clocked by osc_ck)
Path Group: osc_ck
Path Type: max

Fanout         Cap        Slew       Delay        Time   Description
---------------------------------------------------------------------------------------------
                                  0.000000    0.000000   clock osc_ck (rise edge)
                                  0.000000    0.000000   clock network delay (propagated)
                                200.000000  200.000000 ^ input external delay
     1    0.003833    0.017629    0.010004  200.009995 ^ pwup_filt (in)
                                                         pwup_filt (net)
                      0.017631    0.000000  200.009995 ^ input8/A (sky130_fd_sc_hd__buf_1)
     3    0.010498    0.096789    0.093678  200.103683 ^ input8/X (sky130_fd_sc_hd__buf_1)
                                                         net8 (net)
                      0.096793    0.000483  200.104156 ^ _074_/C_N (sky130_fd_sc_hd__or3b_1)
     1    0.002761    0.042545    0.196010  200.300171 v _074_/X (sky130_fd_sc_hd__or3b_1)
                                                         _038_ (net)
                      0.042546    0.000213  200.300385 v _075_/B (sky130_fd_sc_hd__nand2b_1)
     1    0.002241    0.033961    0.046924  200.347305 ^ _075_/Y (sky130_fd_sc_hd__nand2b_1)
                                                         net10 (net)
                      0.033961    0.000156  200.347458 ^ output10/A (sky130_fd_sc_hd__buf_2)
     1    0.034402    0.128396    0.137788  200.485245 ^ output10/X (sky130_fd_sc_hd__buf_2)
                                                         osc_ena (net)
                      0.128429    0.001705  200.486954 ^ osc_ena (out)
                                            200.486954   data arrival time

                               1000.000000 1000.000000   clock osc_ck (rise edge)
                                  0.000000 1000.000000   clock network delay (propagated)
                                 -0.250000  999.750000   clock uncertainty
                                  0.000000  999.750000   clock reconvergence pessimism
                               -200.000000  799.750061   output external delay
                                            799.750061   data required time
---------------------------------------------------------------------------------------------
                                            799.750061   data required time
                                           -200.486954   data arrival time
---------------------------------------------------------------------------------------------
                                            599.263062   slack (MET)




===========================================================================
report_checks --slack_max -0.01
============================================================================
======================= max_ff_n40C_1v95 Corner ===================================

No paths found.


===========================================================================
 report_check_types -max_slew -max_cap -max_fanout -violators
============================================================================
======================= max_ff_n40C_1v95 Corner ===================================



===========================================================================
report_parasitic_annotation -report_unannotated
============================================================================
Found 1 unannotated drivers.
 _137__26/LO
Found 0 partially unannotated drivers.

===========================================================================
max slew violation count 0
max fanout violation count 0
max cap violation count 0
============================================================================

===========================================================================
check_setup -verbose -unconstrained_endpoints -multiple_clock -no_clock -no_input_delay -loops -generated_clocks
===========================================================================
Warning: There is 1 unconstrained endpoint.
  _137_/D
