
===========================================================================
 report_power
============================================================================
======================= max_ff_n40C_1v95 Corner ===================================

Group                    Internal    Switching      Leakage        Total
                            Power        Power        Power        Power (Watts)
------------------------------------------------------------------------
Sequential           1.304163e-06 4.277513e-07 2.894293e-10 1.732203e-06  32.6%
Combinational        1.146062e-06 1.551821e-06 7.475123e-10 2.698631e-06  50.9%
Clock                5.969514e-07 2.780735e-07 4.614082e-10 8.754863e-07  16.5%
Macro                0.000000e+00 0.000000e+00 0.000000e+00 0.000000e+00   0.0%
Pad                  0.000000e+00 0.000000e+00 0.000000e+00 0.000000e+00   0.0%
------------------------------------------------------------------------
Total                3.047176e-06 2.257646e-06 1.498350e-09 5.306320e-06 100.0%
                            57.4%        42.5%         0.0%

