
===========================================================================
 report_power
============================================================================
======================= min_ff_n40C_1v95 Corner ===================================

Group                    Internal    Switching      Leakage        Total
                            Power        Power        Power        Power (Watts)
------------------------------------------------------------------------
Sequential           1.139313e-06 1.835785e-07 2.952168e-10 1.323187e-06  41.7%
Combinational        5.630537e-07 4.011029e-07 9.471425e-10 9.651037e-07  30.4%
Clock                5.969060e-07 2.854460e-07 4.538032e-10 8.828059e-07  27.8%
Macro                0.000000e+00 0.000000e+00 0.000000e+00 0.000000e+00   0.0%
Pad                  0.000000e+00 0.000000e+00 0.000000e+00 0.000000e+00   0.0%
------------------------------------------------------------------------
Total                2.299273e-06 8.701275e-07 1.696163e-09 3.171097e-06 100.0%
                            72.5%        27.4%         0.1%

