
===========================================================================
report_checks -unconstrained
===========================================================================
======================= max_tt_025C_1v80 Corner ===================================

Startpoint: pwup_filt (input port clocked by osc_ck)
Endpoint: _137_ (recovery check against rising-edge clock osc_ck)
Path Group: asynchronous
Path Type: max

Fanout         Cap        Slew       Delay        Time   Description
---------------------------------------------------------------------------------------------
                                  0.000000    0.000000   clock osc_ck (rise edge)
                                  0.000000    0.000000   clock network delay (propagated)
                                200.000000  200.000000 ^ input external delay
     1    0.003766    0.023931    0.013756  200.013748 ^ pwup_filt (in)
                                                         pwup_filt (net)
                      0.023933    0.000000  200.013748 ^ input8/A (sky130_fd_sc_hd__buf_1)
     3    0.010435    0.129632    0.133610  200.147354 ^ input8/X (sky130_fd_sc_hd__buf_1)
                                                         net8 (net)
                      0.129634    0.000497  200.147858 ^ _137_/RESET_B (sky130_fd_sc_hd__dfrtp_1)
                                            200.147858   data arrival time

                               1000.000000 1000.000000   clock osc_ck (rise edge)
                                  0.000000 1000.000000   clock source latency
     1    0.012950    0.064323    0.043769 1000.043823 ^ osc_ck (in)
                                                         osc_ck (net)
                      0.064332    0.000000 1000.043823 ^ clkbuf_0_osc_ck/A (sky130_fd_sc_hd__clkbuf_16)
     2    0.019056    0.041047    0.131195 1000.174988 ^ clkbuf_0_osc_ck/X (sky130_fd_sc_hd__clkbuf_16)
                                                         clknet_0_osc_ck (net)
                      0.041076    0.001251 1000.176270 ^ clkbuf_1_0__f_osc_ck/A (sky130_fd_sc_hd__clkbuf_16)
     9    0.026659    0.048065    0.129603 1000.305847 ^ clkbuf_1_0__f_osc_ck/X (sky130_fd_sc_hd__clkbuf_16)
                                                         clknet_1_0__leaf_osc_ck (net)
                      0.048156    0.001592 1000.307434 ^ _137_/CLK (sky130_fd_sc_hd__dfrtp_1)
                                 -0.250000 1000.057434   clock uncertainty
                                  0.000000 1000.057434   clock reconvergence pessimism
                                  0.209399 1000.266846   library recovery time
                                           1000.266846   data required time
---------------------------------------------------------------------------------------------
                                           1000.266846   data required time
                                           -200.147858   data arrival time
---------------------------------------------------------------------------------------------
                                            800.119019   slack (MET)


Startpoint: pwup_filt (input port clocked by osc_ck)
Endpoint: osc_ena (output port clocked by osc_ck)
Path Group: osc_ck
Path Type: max

Fanout         Cap        Slew       Delay        Time   Description
---------------------------------------------------------------------------------------------
                                  0.000000    0.000000   clock osc_ck (rise edge)
                                  0.000000    0.000000   clock network delay (propagated)
                                200.000000  200.000000 ^ input external delay
     1    0.003766    0.023931    0.013756  200.013748 ^ pwup_filt (in)
                                                         pwup_filt (net)
                      0.023933    0.000000  200.013748 ^ input8/A (sky130_fd_sc_hd__buf_1)
     3    0.010435    0.129632    0.133610  200.147354 ^ input8/X (sky130_fd_sc_hd__buf_1)
                                                         net8 (net)
                      0.129634    0.000483  200.147842 ^ _074_/C_N (sky130_fd_sc_hd__or3b_1)
     1    0.002763    0.064671    0.354191  200.502029 v _074_/X (sky130_fd_sc_hd__or3b_1)
                                                         _038_ (net)
                      0.064671    0.000213  200.502243 v _075_/B (sky130_fd_sc_hd__nand2b_1)
     1    0.002170    0.044787    0.068638  200.570892 ^ _075_/Y (sky130_fd_sc_hd__nand2b_1)
                                                         net10 (net)
                      0.044787    0.000156  200.571045 ^ output10/A (sky130_fd_sc_hd__buf_2)
     1    0.034402    0.170974    0.197602  200.768646 ^ output10/X (sky130_fd_sc_hd__buf_2)
                                                         osc_ena (net)
                      0.170999    0.001705  200.770355 ^ osc_ena (out)
                                            200.770355   data arrival time

                               1000.000000 1000.000000   clock osc_ck (rise edge)
                                  0.000000 1000.000000   clock network delay (propagated)
                                 -0.250000  999.750000   clock uncertainty
                                  0.000000  999.750000   clock reconvergence pessimism
                               -200.000000  799.750061   output external delay
                                            799.750061   data required time
---------------------------------------------------------------------------------------------
                                            799.750061   data required time
                                           -200.770355   data arrival time
---------------------------------------------------------------------------------------------
                                            598.979675   slack (MET)




===========================================================================
report_checks --slack_max -0.01
============================================================================
======================= max_tt_025C_1v80 Corner ===================================

No paths found.


===========================================================================
 report_check_types -max_slew -max_cap -max_fanout -violators
============================================================================
======================= max_tt_025C_1v80 Corner ===================================



===========================================================================
report_parasitic_annotation -report_unannotated
============================================================================
Found 1 unannotated drivers.
 _137__26/LO
Found 0 partially unannotated drivers.

===========================================================================
max slew violation count 0
max fanout violation count 0
max cap violation count 0
============================================================================

===========================================================================
check_setup -verbose -unconstrained_endpoints -multiple_clock -no_clock -no_input_delay -loops -generated_clocks
===========================================================================
Warning: There is 1 unconstrained endpoint.
  _137_/D
