
===========================================================================
 report_power
============================================================================
======================= max_tt_025C_1v80 Corner ===================================

Group                    Internal    Switching      Leakage        Total
                            Power        Power        Power        Power (Watts)
------------------------------------------------------------------------
Sequential           1.125533e-06 3.584927e-07 2.253538e-10 1.484251e-06  32.4%
Combinational        1.037843e-06 1.310243e-06 3.809521e-10 2.348467e-06  51.2%
Clock                5.218358e-07 2.318191e-07 2.670122e-10 7.539219e-07  16.4%
Macro                0.000000e+00 0.000000e+00 0.000000e+00 0.000000e+00   0.0%
Pad                  0.000000e+00 0.000000e+00 0.000000e+00 0.000000e+00   0.0%
------------------------------------------------------------------------
Total                2.685212e-06 1.900555e-06 8.733185e-10 4.586640e-06 100.0%
                            58.5%        41.4%         0.0%

