┏━━━━━━━━━┳━━━━━━━━━┳━━━━━━━━━┳━━━━━━━━━━┳━━━━━━━━━┳━━━━━━━━━━┳━━━━━━━━━┳━━━━━━━━━━┳━━━━━━━━━┳━━━━━━━━━━┳━━━━━━━━━┳━━━━━━━━━━┳━━━━━━━━━┓
┃         ┃         ┃         ┃          ┃         ┃          ┃         ┃          ┃         ┃          ┃ of      ┃          ┃         ┃
┃         ┃ Hold    ┃ Reg to  ┃          ┃         ┃ of which ┃ Setup   ┃ Reg to   ┃         ┃          ┃ which   ┃          ┃ Max     ┃
┃         ┃ Worst   ┃ Reg     ┃          ┃ Hold    ┃ Reg to   ┃ Worst   ┃ Reg      ┃ Setup   ┃ Setup    ┃ Reg to  ┃ Max Cap  ┃ Slew    ┃
┃ Corner… ┃ Slack   ┃ Paths   ┃ Hold TNS ┃ Violat… ┃ Reg      ┃ Slack   ┃ Paths    ┃ TNS     ┃ Violati… ┃ Reg     ┃ Violati… ┃ Violat… ┃
┡━━━━━━━━━╇━━━━━━━━━╇━━━━━━━━━╇━━━━━━━━━━╇━━━━━━━━━╇━━━━━━━━━━╇━━━━━━━━━╇━━━━━━━━━━╇━━━━━━━━━╇━━━━━━━━━━╇━━━━━━━━━╇━━━━━━━━━━╇━━━━━━━━━┩
│ Overall │ 0.1149  │ 0.1149  │ 0.0000   │ 0       │ 0        │ 598.19… │ 997.5963 │ 0.0000  │ 0        │ 0       │ 0        │ 0       │
│ nom_tt… │ 0.3414  │ 0.3414  │ 0.0000   │ 0       │ 0        │ 598.98… │ 998.7315 │ 0.0000  │ 0        │ 0       │ 0        │ 0       │
│ nom_ss… │ 0.9230  │ 0.9230  │ 0.0000   │ 0       │ 0        │ 598.20… │ 997.6014 │ 0.0000  │ 0        │ 0       │ 0        │ 0       │
│ nom_ff… │ 0.1164  │ 0.1164  │ 0.0000   │ 0       │ 0        │ 599.26… │ 999.0914 │ 0.0000  │ 0        │ 0       │ 0        │ 0       │
│ min_tt… │ 0.3396  │ 0.3396  │ 0.0000   │ 0       │ 0        │ 598.98… │ 998.7338 │ 0.0000  │ 0        │ 0       │ 0        │ 0       │
│ min_ss… │ 0.9200  │ 0.9200  │ 0.0000   │ 0       │ 0        │ 598.20… │ 997.6057 │ 0.0000  │ 0        │ 0       │ 0        │ 0       │
│ min_ff… │ 0.1149  │ 0.1149  │ 0.0000   │ 0       │ 0        │ 599.26… │ 999.0942 │ 0.0000  │ 0        │ 0       │ 0        │ 0       │
│ max_tt… │ 0.3434  │ 0.3434  │ 0.0000   │ 0       │ 0        │ 598.97… │ 998.7288 │ 0.0000  │ 0        │ 0       │ 0        │ 0       │
│ max_ss… │ 0.9263  │ 0.9263  │ 0.0000   │ 0       │ 0        │ 598.19… │ 997.5963 │ 0.0000  │ 0        │ 0       │ 0        │ 0       │
│ max_ff… │ 0.1178  │ 0.1178  │ 0.0000   │ 0       │ 0        │ 599.26… │ 999.0831 │ 0.0000  │ 0        │ 0       │ 0        │ 0       │
└─────────┴─────────┴─────────┴──────────┴─────────┴──────────┴─────────┴──────────┴─────────┴──────────┴─────────┴──────────┴─────────┘
