
===========================================================================
 report_power
============================================================================
======================= nom_tt_025C_1v80 Corner ===================================

Group                    Internal    Switching      Leakage        Total
                            Power        Power        Power        Power (Watts)
------------------------------------------------------------------------
Sequential           9.819180e-07 1.324340e-07 2.468832e-10 1.114599e-06  41.0%
Combinational        5.016894e-07 3.518799e-07 4.935378e-10 8.540628e-07  31.4%
Clock                5.211323e-07 2.284091e-07 1.471306e-10 7.496885e-07  27.6%
Macro                0.000000e+00 0.000000e+00 0.000000e+00 0.000000e+00   0.0%
Pad                  0.000000e+00 0.000000e+00 0.000000e+00 0.000000e+00   0.0%
------------------------------------------------------------------------
Total                2.004739e-06 7.127229e-07 8.875513e-10 2.718349e-06 100.0%
                            73.7%        26.2%         0.0%
Writing metric power__internal__total: 2.0047391444677487e-6
Writing metric power__switching__total: 7.127229082470876e-7
Writing metric power__leakage__total: 8.875512547135145e-10
Writing metric power__total: 2.7183493784832535e-6

