
===========================================================================
report_checks -unconstrained
===========================================================================
======================= nom_ss_100C_1v60 Corner ===================================

Startpoint: pwup_filt (input port clocked by osc_ck)
Endpoint: _137_ (recovery check against rising-edge clock osc_ck)
Path Group: asynchronous
Path Type: max

Fanout         Cap        Slew       Delay        Time   Description
---------------------------------------------------------------------------------------------
                                  0.000000    0.000000   clock osc_ck (rise edge)
                                  0.000000    0.000000   clock network delay (propagated)
                                200.000000  200.000000 ^ input external delay
     1    0.003596    0.037582    0.020009  200.020004 ^ pwup_filt (in)
                                                         pwup_filt (net)
                      0.037583    0.000000  200.020004 ^ input8/A (sky130_fd_sc_hd__buf_1)
     3    0.009396    0.190154    0.221888  200.241898 ^ input8/X (sky130_fd_sc_hd__buf_1)
                                                         net8 (net)
                      0.190154    0.000185  200.242081 ^ _137_/RESET_B (sky130_fd_sc_hd__dfrtp_1)
                                            200.242081   data arrival time

                               1000.000000 1000.000000   clock osc_ck (rise edge)
                                  0.000000 1000.000000   clock source latency
     1    0.012430    0.097786    0.064574 1000.064575 ^ osc_ck (in)
                                                         osc_ck (net)
                      0.097787    0.000000 1000.064575 ^ clkbuf_0_osc_ck/A (sky130_fd_sc_hd__clkbuf_16)
     2    0.018639    0.065735    0.232262 1000.296875 ^ clkbuf_0_osc_ck/X (sky130_fd_sc_hd__clkbuf_16)
                                                         clknet_0_osc_ck (net)
                      0.065736    0.000455 1000.297302 ^ clkbuf_1_0__f_osc_ck/A (sky130_fd_sc_hd__clkbuf_16)
     9    0.024883    0.073599    0.226351 1000.523682 ^ clkbuf_1_0__f_osc_ck/X (sky130_fd_sc_hd__clkbuf_16)
                                                         clknet_1_0__leaf_osc_ck (net)
                      0.073613    0.000796 1000.524475 ^ _137_/CLK (sky130_fd_sc_hd__dfrtp_1)
                                 -0.250000 1000.274475   clock uncertainty
                                  0.000000 1000.274475   clock reconvergence pessimism
                                  0.419285 1000.693726   library recovery time
                                           1000.693726   data required time
---------------------------------------------------------------------------------------------
                                           1000.693726   data required time
                                           -200.242081   data arrival time
---------------------------------------------------------------------------------------------
                                            800.451660   slack (MET)


Startpoint: pwup_filt (input port clocked by osc_ck)
Endpoint: osc_ena (output port clocked by osc_ck)
Path Group: osc_ck
Path Type: max

Fanout         Cap        Slew       Delay        Time   Description
---------------------------------------------------------------------------------------------
                                  0.000000    0.000000   clock osc_ck (rise edge)
                                  0.000000    0.000000   clock network delay (propagated)
                                200.000000  200.000000 ^ input external delay
     1    0.003596    0.037582    0.020009  200.020004 ^ pwup_filt (in)
                                                         pwup_filt (net)
                      0.037583    0.000000  200.020004 ^ input8/A (sky130_fd_sc_hd__buf_1)
     3    0.009396    0.190154    0.221888  200.241898 ^ input8/X (sky130_fd_sc_hd__buf_1)
                                                         net8 (net)
                      0.190154    0.000171  200.242065 ^ _074_/C_N (sky130_fd_sc_hd__or3b_1)
     1    0.002745    0.135893    0.829488  201.071548 v _074_/X (sky130_fd_sc_hd__or3b_1)
                                                         _038_ (net)
                      0.135893    0.000085  201.071640 v _075_/B (sky130_fd_sc_hd__nand2b_1)
     1    0.002072    0.074498    0.127557  201.199188 ^ _075_/Y (sky130_fd_sc_hd__nand2b_1)
                                                         net10 (net)
                      0.074498    0.000057  201.199249 ^ output10/A (sky130_fd_sc_hd__buf_2)
     1    0.034323    0.272645    0.345835  201.545090 ^ output10/X (sky130_fd_sc_hd__buf_2)
                                                         osc_ena (net)
                      0.272648    0.000696  201.545776 ^ osc_ena (out)
                                            201.545776   data arrival time

                               1000.000000 1000.000000   clock osc_ck (rise edge)
                                  0.000000 1000.000000   clock network delay (propagated)
                                 -0.250000  999.750000   clock uncertainty
                                  0.000000  999.750000   clock reconvergence pessimism
                               -200.000000  799.750061   output external delay
                                            799.750061   data required time
---------------------------------------------------------------------------------------------
                                            799.750061   data required time
                                           -201.545776   data arrival time
---------------------------------------------------------------------------------------------
                                            598.204224   slack (MET)




===========================================================================
report_checks --slack_max -0.01
============================================================================
======================= nom_ss_100C_1v60 Corner ===================================

No paths found.


===========================================================================
 report_check_types -max_slew -max_cap -max_fanout -violators
============================================================================
======================= nom_ss_100C_1v60 Corner ===================================



===========================================================================
report_parasitic_annotation -report_unannotated
============================================================================
Found 1 unannotated drivers.
 _137__26/LO
Found 0 partially unannotated drivers.

===========================================================================
max slew violation count 0
max fanout violation count 0
max cap violation count 0
============================================================================

===========================================================================
check_setup -verbose -unconstrained_endpoints -multiple_clock -no_clock -no_input_delay -loops -generated_clocks
===========================================================================
Warning: There is 1 unconstrained endpoint.
  _137_/D
