
===========================================================================
 report_power
============================================================================
======================= nom_tt_025C_1v80 Corner ===================================

Group                    Internal    Switching      Leakage        Total
                            Power        Power        Power        Power (Watts)
------------------------------------------------------------------------
Sequential           1.123882e-06 2.475483e-07 2.253538e-10 1.371656e-06  34.1%
Combinational        1.032966e-06 9.455818e-07 3.809521e-10 1.978928e-06  49.2%
Clock                5.147914e-07 1.602634e-07 1.471306e-10 6.752019e-07  16.8%
Macro                0.000000e+00 0.000000e+00 0.000000e+00 0.000000e+00   0.0%
Pad                  0.000000e+00 0.000000e+00 0.000000e+00 0.000000e+00   0.0%
------------------------------------------------------------------------
Total                2.671640e-06 1.353393e-06 7.534362e-10 4.025787e-06 100.0%
                            66.4%        33.6%         0.0%
Writing metric power__internal__total: 2.671639776963275e-6
Writing metric power__switching__total: 1.3533934861698071e-6
Writing metric power__leakage__total: 7.534362023164931e-10
Writing metric power__total: 4.025786893180339e-6

