
===========================================================================
 report_power
============================================================================
======================= nom_tt_025C_1v80 Corner ===================================

Group                    Internal    Switching      Leakage        Total
                            Power        Power        Power        Power (Watts)
------------------------------------------------------------------------
Sequential           1.165637e-06 3.692722e-07 2.049183e-10 1.535114e-06  41.4%
Combinational        1.084162e-06 1.088384e-06 2.341037e-10 2.172781e-06  58.6%
Clock                0.000000e+00 0.000000e+00 0.000000e+00 0.000000e+00   0.0%
Macro                0.000000e+00 0.000000e+00 0.000000e+00 0.000000e+00   0.0%
Pad                  0.000000e+00 0.000000e+00 0.000000e+00 0.000000e+00   0.0%
------------------------------------------------------------------------
Total                2.249799e-06 1.457656e-06 4.390220e-10 3.707895e-06 100.0%
                            60.7%        39.3%         0.0%

