
===========================================================================
report_checks -unconstrained
===========================================================================
======================= nom_tt_025C_1v80 Corner ===================================

Startpoint: pwup_filt (input port clocked by osc_ck)
Endpoint: _137_ (recovery check against rising-edge clock osc_ck)
Path Group: asynchronous
Path Type: max

Fanout         Cap        Slew       Delay        Time   Description
---------------------------------------------------------------------------------------------
                                  0.000000    0.000000   clock osc_ck (rise edge)
                                  0.000000    0.000000   clock network delay (propagated)
                                200.000000  200.000000 ^ input external delay
     1    0.003662    0.023479    0.013344  200.013336 ^ pwup_filt (in)
                                                         pwup_filt (net)
                      0.023479    0.000000  200.013336 ^ input8/A (sky130_fd_sc_hd__buf_1)
     3    0.010211    0.127050    0.131877  200.145218 ^ input8/X (sky130_fd_sc_hd__buf_1)
                                                         net8 (net)
                      0.127050    0.000199  200.145416 ^ _137_/RESET_B (sky130_fd_sc_hd__dfrtp_1)
                                            200.145416   data arrival time

                               1000.000000 1000.000000   clock osc_ck (rise edge)
                                  0.000000 1000.000000   clock source latency
     1    0.012430    0.062121    0.041950 1000.041992 ^ osc_ck (in)
                                                         osc_ck (net)
                      0.062123    0.000000 1000.041992 ^ clkbuf_0_osc_ck/A (sky130_fd_sc_hd__clkbuf_16)
     2    0.018639    0.040688    0.130285 1000.172241 ^ clkbuf_0_osc_ck/X (sky130_fd_sc_hd__clkbuf_16)
                                                         clknet_0_osc_ck (net)
                      0.040688    0.000455 1000.172729 ^ clkbuf_1_0__f_osc_ck/A (sky130_fd_sc_hd__clkbuf_16)
     9    0.025828    0.047083    0.129148 1000.301880 ^ clkbuf_1_0__f_osc_ck/X (sky130_fd_sc_hd__clkbuf_16)
                                                         clknet_1_0__leaf_osc_ck (net)
                      0.047104    0.000796 1000.302673 ^ _137_/CLK (sky130_fd_sc_hd__dfrtp_1)
                                 -0.250000 1000.052673   clock uncertainty
                                  0.000000 1000.052673   clock reconvergence pessimism
                                  0.209742 1000.262390   library recovery time
                                           1000.262390   data required time
---------------------------------------------------------------------------------------------
                                           1000.262390   data required time
                                           -200.145416   data arrival time
---------------------------------------------------------------------------------------------
                                            800.117004   slack (MET)


Startpoint: pwup_filt (input port clocked by osc_ck)
Endpoint: osc_ena (output port clocked by osc_ck)
Path Group: osc_ck
Path Type: max

Fanout         Cap        Slew       Delay        Time   Description
---------------------------------------------------------------------------------------------
                                  0.000000    0.000000   clock osc_ck (rise edge)
                                  0.000000    0.000000   clock network delay (propagated)
                                200.000000  200.000000 ^ input external delay
     1    0.003662    0.023479    0.013344  200.013336 ^ pwup_filt (in)
                                                         pwup_filt (net)
                      0.023479    0.000000  200.013336 ^ input8/A (sky130_fd_sc_hd__buf_1)
     3    0.010211    0.127050    0.131877  200.145218 ^ input8/X (sky130_fd_sc_hd__buf_1)
                                                         net8 (net)
                      0.127050    0.000185  200.145401 ^ _074_/C_N (sky130_fd_sc_hd__or3b_1)
     1    0.002731    0.064407    0.353523  200.498917 v _074_/X (sky130_fd_sc_hd__or3b_1)
                                                         _038_ (net)
                      0.064407    0.000085  200.499008 v _075_/B (sky130_fd_sc_hd__nand2b_1)
     1    0.002126    0.044395    0.068226  200.567230 ^ _075_/Y (sky130_fd_sc_hd__nand2b_1)
                                                         net10 (net)
                      0.044395    0.000057  200.567291 ^ output10/A (sky130_fd_sc_hd__buf_2)
     1    0.034323    0.170468    0.197886  200.765182 ^ output10/X (sky130_fd_sc_hd__buf_2)
                                                         osc_ena (net)
                      0.170472    0.000696  200.765869 ^ osc_ena (out)
                                            200.765869   data arrival time

                               1000.000000 1000.000000   clock osc_ck (rise edge)
                                  0.000000 1000.000000   clock network delay (propagated)
                                 -0.250000  999.750000   clock uncertainty
                                  0.000000  999.750000   clock reconvergence pessimism
                               -200.000000  799.750061   output external delay
                                            799.750061   data required time
---------------------------------------------------------------------------------------------
                                            799.750061   data required time
                                           -200.765869   data arrival time
---------------------------------------------------------------------------------------------
                                            598.984131   slack (MET)




===========================================================================
report_checks --slack_max -0.01
============================================================================
======================= nom_tt_025C_1v80 Corner ===================================

No paths found.


===========================================================================
 report_check_types -max_slew -max_cap -max_fanout -violators
============================================================================
======================= nom_tt_025C_1v80 Corner ===================================



===========================================================================
report_parasitic_annotation -report_unannotated
============================================================================
Found 1 unannotated drivers.
 _137__26/LO
Found 0 partially unannotated drivers.

===========================================================================
max slew violation count 0
max fanout violation count 0
max cap violation count 0
============================================================================

===========================================================================
check_setup -verbose -unconstrained_endpoints -multiple_clock -no_clock -no_input_delay -loops -generated_clocks
===========================================================================
Warning: There is 1 unconstrained endpoint.
  _137_/D
