
===========================================================================
 report_power
============================================================================
======================= nom_tt_025C_1v80 Corner ===================================

Group                    Internal    Switching      Leakage        Total
                            Power        Power        Power        Power (Watts)
------------------------------------------------------------------------
Sequential           1.125556e-06 3.480060e-07 2.253538e-10 1.473787e-06  32.5%
Combinational        1.037661e-06 1.276672e-06 3.809521e-10 2.314714e-06  51.0%
Clock                5.211842e-07 2.250259e-07 2.670122e-10 7.464772e-07  16.5%
Macro                0.000000e+00 0.000000e+00 0.000000e+00 0.000000e+00   0.0%
Pad                  0.000000e+00 0.000000e+00 0.000000e+00 0.000000e+00   0.0%
------------------------------------------------------------------------
Total                2.684400e-06 1.849704e-06 8.733185e-10 4.534978e-06 100.0%
                            59.2%        40.8%         0.0%

