
===========================================================================
 report_power
============================================================================
======================= nom_tt_025C_1v80 Corner ===================================

Group                    Internal    Switching      Leakage        Total
                            Power        Power        Power        Power (Watts)
------------------------------------------------------------------------
Sequential           9.821042e-07 1.573317e-07 2.468832e-10 1.139683e-06  41.4%
Combinational        4.998383e-07 3.465227e-07 4.935377e-10 8.468545e-07  30.7%
Clock                5.216596e-07 2.457425e-07 2.605322e-10 7.676626e-07  27.9%
Macro                0.000000e+00 0.000000e+00 0.000000e+00 0.000000e+00   0.0%
Pad                  0.000000e+00 0.000000e+00 0.000000e+00 0.000000e+00   0.0%
------------------------------------------------------------------------
Total                2.003602e-06 7.495967e-07 1.000953e-09 2.754200e-06 100.0%
                            72.7%        27.2%         0.0%

