
===========================================================================
 report_power
============================================================================
======================= nom_ff_n40C_1v95 Corner ===================================

Group                    Internal    Switching      Leakage        Total
                            Power        Power        Power        Power (Watts)
------------------------------------------------------------------------
Sequential           1.304067e-06 4.154438e-07 2.894293e-10 1.719800e-06  32.8%
Combinational        1.145514e-06 1.512423e-06 7.475123e-10 2.658685e-06  50.7%
Clock                5.964293e-07 2.701009e-07 4.614082e-10 8.669917e-07  16.5%
Macro                0.000000e+00 0.000000e+00 0.000000e+00 0.000000e+00   0.0%
Pad                  0.000000e+00 0.000000e+00 0.000000e+00 0.000000e+00   0.0%
------------------------------------------------------------------------
Total                3.046009e-06 2.197968e-06 1.498350e-09 5.245476e-06 100.0%
                            58.1%        41.9%         0.0%

