
===========================================================================
 report_power
============================================================================
======================= min_ff_n40C_1v95 Corner ===================================

Group                    Internal    Switching      Leakage        Total
                            Power        Power        Power        Power (Watts)
------------------------------------------------------------------------
Sequential           1.303805e-06 4.027398e-07 2.894293e-10 1.706834e-06  32.9%
Combinational        1.144884e-06 1.472327e-06 7.475123e-10 2.617959e-06  50.5%
Clock                5.959027e-07 2.625414e-07 4.614082e-10 8.589055e-07  16.6%
Macro                0.000000e+00 0.000000e+00 0.000000e+00 0.000000e+00   0.0%
Pad                  0.000000e+00 0.000000e+00 0.000000e+00 0.000000e+00   0.0%
------------------------------------------------------------------------
Total                3.044592e-06 2.137608e-06 1.498350e-09 5.183698e-06 100.0%
                            58.7%        41.2%         0.0%

